// Jest Snapshot v1, https://goo.gl/fbAQLP

exports[`Banner renders correctly 1`] = `
<Component
  style={
    Array [
      Object {
        "backgroundColor": "#eb5757",
      },
      Object {
        "alignSelf": "stretch",
        "borderRadius": 3,
        "elevation": 2,
        "flex": 1,
        "justifyContent": "center",
        "margin": 10,
        "marginBottom": 10,
        "padding": 10,
        "paddingBottom": 20,
        "shadowColor": "#000000",
        "shadowOffset": Object {
          "height": 2,
          "width": 2,
        },
        "shadowOpacity": 0.2,
        "shadowRadius": 3,
      },
      undefined,
    ]
  }
>
  <TouchableHighlight
    activeOpacity={0.85}
    delayPressOut={100}
    onPress={undefined}
    underlayColor="black"
  >
    <Component>
      <Text
        accessible={true}
        allowFontScaling={true}
        ellipsizeMode="tail"
        style={
          Object {
            "color": "#ffffff",
            "fontSize": 24,
            "fontWeight": "500",
          }
        }
      >
        Register to vote!
      </Text>
      <Text
        accessible={true}
        allowFontScaling={true}
        ellipsizeMode="tail"
        style={
          Object {
            "color": "#ffffff",
            "fontSize": 18,
            "marginTop": 4,
          }
        }
      >
        Do it!
      </Text>
    </Component>
  </TouchableHighlight>
  <Icon
    color="#ffffff"
    containerStyle={
      Object {
        "bottom": -10,
        "opacity": 0.5,
        "position": "absolute",
        "right": 20,
      }
    }
    name="megaphone"
    raised={false}
    reverse={false}
    reverseColor="white"
    size={60}
    type="entypo"
    underlayColor="white"
  />
</Component>
`;
