// Jest Snapshot v1, https://goo.gl/fbAQLP

exports[`GoogleIcon renders correctly 1`] = `
<Component
  style={
    Object {
      "marginLeft": 2,
      "marginRight": 14,
    }
  }
>
  <Image
    source={1}
    style={
      Object {
        "height": 28,
        "width": 28,
      }
    }
  />
</Component>
`;
