// Jest Snapshot v1, https://goo.gl/fbAQLP

exports[`WelcomePanel renders correctly 1`] = `
<AnimatedComponent
  style={
    Array [
      Object {
        "backgroundColor": "#ffffff",
        "borderTopLeftRadius": 25,
        "borderTopRightRadius": 25,
        "flexDirection": "row",
      },
      Object {
        "bottom": 0,
        "position": "absolute",
      },
    ]
  }
>
  <Component
    style={
      Object {
        "alignItems": "center",
        "flex": 1,
        "flexDirection": "column",
        "justifyContent": "center",
        "padding": 20,
      }
    }
  >
    <SocialButton
      onLongPress={undefined}
      onPress={undefined}
      style={
        Object {
          "marginBottom": 8,
          "maxWidth": 322,
          "width": "100%",
        }
      }
      title="Sign undefined with Google"
      type="google"
    />
    <SocialButton
      onLongPress={undefined}
      onPress={undefined}
      style={
        Object {
          "marginBottom": 8,
          "maxWidth": 322,
          "width": "100%",
        }
      }
      title="Continue with Facebook"
      type="facebook"
    />
    <Text
      accessible={true}
      allowFontScaling={true}
      ellipsizeMode="tail"
      style={
        Object {
          "fontSize": 18,
          "paddingBottom": 18,
          "paddingTop": 10,
          "textAlign": "center",
        }
      }
    >
      or
    </Text>
    <SocialButton
      onPress={[Function]}
      style={
        Object {
          "marginBottom": 8,
          "maxWidth": 322,
          "width": "100%",
        }
      }
      title="Sign undefined with email"
      type="email"
    />
    <Text
      accessible={true}
      allowFontScaling={true}
      ellipsizeMode="tail"
      onPress={[Function]}
      style={
        Array [
          Object {
            "fontSize": 18,
            "paddingBottom": 18,
            "paddingTop": 10,
            "textAlign": "center",
          },
          Object {
            "paddingBottom": 0,
          },
        ]
      }
    />
  </Component>
</AnimatedComponent>
`;
