// Jest Snapshot v1, https://goo.gl/fbAQLP

exports[`WelcomeScreen renders correctly 1`] = `
<Component
  style={
    Object {
      "alignItems": "center",
      "backgroundColor": "#2d9cdb",
      "flex": 1,
      "justifyContent": "center",
      "paddingLeft": 10,
      "paddingRight": 10,
      "paddingTop": 10,
    }
  }
>
  <Image
    source={1}
    style={
      Object {
        "height": 65,
        "marginTop": 30,
        "width": 178,
      }
    }
  />
  <WelcomeCarousel
    isSmallScreen={false}
  />
  <WelcomePanel
    formType="foo"
    navigate={[MockFunction]}
    switchFormType={[MockFunction]}
  />
</Component>
`;
