// Jest Snapshot v1, https://goo.gl/fbAQLP

exports[`WelcomeScreen renders correctly 1`] = `
<Component
  style={
    Object {
      "alignItems": "center",
      "backgroundColor": "#2d9cdb",
      "flex": 1,
      "justifyContent": "space-between",
      "paddingLeft": 10,
      "paddingRight": 10,
      "paddingTop": 10,
    }
  }
>
  <Component />
  <Component
    style={
      Object {
        "alignItems": "center",
      }
    }
  >
    <Image
      source={1}
      style={
        Object {
          "height": 65,
          "marginBottom": 10,
          "width": 178,
        }
      }
    />
    <WelcomeCarousel
      isSmallScreen={false}
    />
  </Component>
  <Component />
  <WelcomePanel
    formType="foo"
    navigate={[MockFunction]}
    switchFormType={[MockFunction]}
  />
</Component>
`;
